#-----------------------------------------------------------
# Vivado v2025.2 (64-bit)
# SW Build 6299465 on Fri Nov 14 19:35:11 GMT 2025
# IP Build 6300035 on Fri Nov 14 10:48:45 MST 2025
# SharedData Build 6298862 on Thu Nov 13 04:50:51 MST 2025
# Start of session at: Fri Jun 19 23:29:32 2026
# Process ID         : 9508
# Current directory  : C:/Users/nakka/UART
# Command line       : vivado.exe -gui_launcher_event rodinguilauncherevent12028 C:\Users\nakka\UART\UART.xpr
# Log file           : C:/Users/nakka/UART/vivado.log
# Journal file       : C:/Users/nakka/UART\vivado.jou
# Running On         : PRASHANTH_N
# Platform           : Windows Server 2016 or Windows 10
# Operating System   : 26200
# Processor Detail   : 11th Gen Intel(R) Core(TM) i3-1115G4 @ 3.00GHz
# CPU Frequency      : 2995 MHz
# CPU Physical cores : 2
# CPU Logical cores  : 4
# Host memory        : 4084 MB
# Swap memory        : 8589 MB
# Total Virtual      : 12674 MB
# Available Virtual  : 1449 MB
#-----------------------------------------------------------
start_gui
open_project C:/Users/nakka/UART/UART.xpr
